[36mvite v8.0.13 [32mbuilding client environment for production...[36m[39m
[2K
transforming...Γ£ô 3604 modules transformed.
rendering chunks...
computing gzip size...
dist/index.html                     0.45 kB Γöé gzip:   0.29 kB
dist/assets/index-DUIGeK6L.css      3.07 kB Γöé gzip:   1.24 kB
dist/assets/index-DGnwrVPa.js   1,173.29 kB Γöé gzip: 359.02 kB

[32mΓ£ô built in 2.15s[39m
npx : [33m[plugin builtin:vite-reporter] 
At line:1 char:1
+ npx vite build > 
C:\Users\HP\Duo-Deals\build_output.txt 
2>&1; Get-Con ...
+ ~~~~~~~~~~~~~~~~~~~~~~~~~~~~~~~~~~~~~~~~~~
~~~~~~~~~~~~~~~~~~
    + CategoryInfo          : NotSpecified: 
    ([33m[plugin builtin:vite-reporter] :  
  String) [], RemoteException
    + FullyQualifiedErrorId : NativeCommand 
   Error
 
(!) Some chunks are larger than 500 kB 
after minification. Consider:
- Using dynamic import() to code-split the 
application
- Use 
build.rolldownOptions.output.codeSplitting 
to improve chunking: https://rolldown.rs/ref
erence/OutputOptions.codeSplitting
- Adjust chunk size limit for this warning 
via build.chunkSizeWarningLimit.[39m
